// Jest Snapshot v1, https://goo.gl/fbAQLP

exports[`Project Log Viewer should render empty 1`] = `"<div class=\\"log-viewer__root\\" data-testid=\\"logViewer-root\\"></div>"`;

exports[`Project Log Viewer should render empty when hidden it 1`] = `"<div class=\\"log-viewer__root\\" data-testid=\\"logViewer-root\\" aria-hidden></div>"`;

exports[`Project Log Viewer should render items each level 1`] = `"<div class=\\"log-viewer__root\\" data-testid=\\"logViewer-root\\"><div role=\\"listitem\\" class=\\"log-viewer__log-item\\" data-testid=\\"logViewer-logItem\\"><span class=\\"log-viewer__item-level\\" data-testid=\\"logViewer-itemLevel\\" data-level=\\"info\\">[INFO]</span><span class=\\"log-viewer__item-message\\" data-testid=\\"logViewer-itemMessage\\">[1970-01-01T00:00:00.000Z] Keymap reloaded.</span></div><div role=\\"listitem\\" class=\\"log-viewer__log-item\\" data-testid=\\"logViewer-logItem\\"><span class=\\"log-viewer__item-level\\" data-testid=\\"logViewer-itemLevel\\" data-level=\\"info\\">[INFO]</span><span class=\\"log-viewer__item-message\\" data-testid=\\"logViewer-itemMessage\\">[1970-01-01T00:00:00.001Z] Deleted: full path</span></div></div>"`;
