// Jest Snapshot v1, https://goo.gl/fbAQLP

exports[`Container Main Container render correctly when context not initialized and empty state 1`] = `"<div class=\\"main-container__root \\" data-testid=\\"mainContainer\\"><div class=\\"log-viewer-container__root\\" data-testid=\\"logViewerContainer\\"><div class=\\"log-viewer__root\\" data-testid=\\"logViewer-root\\"></div></div></div>"`;
