// Jest Snapshot v1, https://goo.gl/fbAQLP

exports[`Project Node Item should add class correctly when it bookmarked 1`] = `"<div class=\\"file-item__root\\" data-testid=\\"fileList-item\\" aria-selected data-marked data-bookmarked><span class=\\"file-item__item-mode\\" data-testid=\\"fileItem-modeSlot\\">-rw-------</span><span class=\\"file-item__item-timestamp\\" data-testid=\\"fileItem-timestampSlot\\">2000/01/01</span><span class=\\"file-item__item-size\\" data-testid=\\"fileItem-sizeSlot\\">   10B</span><span class=\\"file-item__item-name\\" data-testid=\\"fileItem-nameSlot\\">file.ext</span></div>"`;

exports[`Project Node Item should add class correctly when marked 1`] = `"<div class=\\"file-item__root\\" data-testid=\\"fileList-item\\" data-marked><span class=\\"file-item__item-mode\\" data-testid=\\"fileItem-modeSlot\\">-rw-------</span><span class=\\"file-item__item-timestamp\\" data-testid=\\"fileItem-timestampSlot\\">2000/01/01</span><span class=\\"file-item__item-size\\" data-testid=\\"fileItem-sizeSlot\\">   10B</span><span class=\\"file-item__item-name\\" data-testid=\\"fileItem-nameSlot\\">file.ext</span></div>"`;

exports[`Project Node Item should add class correctly when selected 1`] = `"<div class=\\"file-item__root\\" data-testid=\\"fileList-item\\" aria-selected><span class=\\"file-item__item-mode\\" data-testid=\\"fileItem-modeSlot\\">-rw-------</span><span class=\\"file-item__item-timestamp\\" data-testid=\\"fileItem-timestampSlot\\">2000/01/01</span><span class=\\"file-item__item-size\\" data-testid=\\"fileItem-sizeSlot\\">   10B</span><span class=\\"file-item__item-name\\" data-testid=\\"fileItem-nameSlot\\">file.ext</span></div>"`;

exports[`Project Node Item should add class correctly when selected and marked 1`] = `"<div class=\\"file-item__root\\" data-testid=\\"fileList-item\\" aria-selected data-marked><span class=\\"file-item__item-mode\\" data-testid=\\"fileItem-modeSlot\\">-rw-------</span><span class=\\"file-item__item-timestamp\\" data-testid=\\"fileItem-timestampSlot\\">2000/01/01</span><span class=\\"file-item__item-size\\" data-testid=\\"fileItem-sizeSlot\\">   10B</span><span class=\\"file-item__item-name\\" data-testid=\\"fileItem-nameSlot\\">file.ext</span></div>"`;

exports[`Project Node Item should print correctly 1`] = `"<div class=\\"file-item__root\\" data-testid=\\"fileList-item\\"><span class=\\"file-item__item-mode\\" data-testid=\\"fileItem-modeSlot\\">-rw-------</span><span class=\\"file-item__item-timestamp\\" data-testid=\\"fileItem-timestampSlot\\">2000/01/01</span><span class=\\"file-item__item-size\\" data-testid=\\"fileItem-sizeSlot\\">   10B</span><span class=\\"file-item__item-name\\" data-testid=\\"fileItem-nameSlot\\">file.ext</span></div>"`;
