// Jest Snapshot v1, https://goo.gl/fbAQLP

exports[`Container File List Container should render correctly 1`] = `
<div
  className="root"
>
  <div
    className="resizeContainer"
    style={
      Object {
        "overflow": "visible",
      }
    }
  />
  <div
    className="resizeContainer"
    style={
      Object {
        "overflow": "visible",
      }
    }
  />
</div>
`;
