// Jest Snapshot v1, https://goo.gl/fbAQLP

exports[`Project Configuration Text Cell render correctly 1`] = `"<div class=\\"configuration-cell__root\\" data-testid=\\"configuration-text-cell-root\\"><label class=\\"configuration-cell__label\\">display</label><input class=\\"configuration-cell__text-input\\" data-testid=\\"configuration-text-cell-input\\" type=\\"text\\" value /><p class=\\"configuration-cell__description\\">description</p></div>"`;
