// Jest Snapshot v1, https://goo.gl/fbAQLP

exports[`Project Configuration Boolean Cell render correctly 1`] = `"<div class=\\"configuration-cell__root\\" data-testid=\\"configuration-select-one-cell-root\\"><label class=\\"configuration-cell__label\\">name</label><div class=\\"configuration-cell__select-container\\" data-testid=\\"configuration-select-one-cell-container\\"><select class=\\"configuration-cell__select-input\\" data-testid=\\"configuration-select\\" name=\\"foo,bar,baz\\"></select></div><p class=\\"configuration-cell__description\\">description</p></div>"`;
