// Jest Snapshot v1, https://goo.gl/fbAQLP

exports[`Project Configuration Number Cell render correctly 1`] = `"<div class=\\"configuration-cell__root\\" data-testid=\\"configuration-number-cell-root\\"><label class=\\"configuration-cell__label\\">name</label><input class=\\"configuration-cell__number-input\\" data-testid=\\"configuration-number-cell-input\\" type=\\"number\\" value=\\"100\\" /><p class=\\"configuration-cell__description\\">description</p></div>"`;
