// Jest Snapshot v1, https://goo.gl/fbAQLP

exports[`Container Main Container render correctly when context not initialized and empty state 1`] = `
<div
  className="sc-csuQGl gyxyrC"
  onKeyDown={[Function]}
  tabIndex={0}
>
  <div
    className="sc-kpOJdX bBCFNP"
  >
    <div
      aria-hidden={false}
      className="sc-kAzzGY dlQRqb"
      role="list"
    />
  </div>
</div>
`;
