// Jest Snapshot v1, https://goo.gl/fbAQLP

exports[`Project Node List should select a node locating same the index of cursor when focused 1`] = `
<div
  className="root"
>
  <header
    className="header"
    data-focused={true}
  >
    loc
  </header>
  <div
    className="list"
    role="list"
  >
    <div
      aria-selected={true}
      className="nodeItem"
      data-marked={false}
      role="listitem"
    >
      <span
        className="mode"
      >
        =-w----r--
      </span>
      <span
        className="timestamp"
      >
        1970/01/01
      </span>
      <span
        className="size"
      >
        10.0B
      </span>
      <span
        className="name"
      >
        file.txt
      </span>
    </div>
  </div>
</div>
`;

exports[`Project Node List should show dummy content when nodes is empty 1`] = `
<div
  className="root"
>
  <header
    className="header"
    data-focused={true}
  >
    loc
  </header>
  <div
    className="empty"
  />
</div>
`;
