// Jest Snapshot v1, https://goo.gl/fbAQLP

exports[`Container File List Container should render correctly 1`] = `
<div
  className="sc-iwsKbI gGKMtz"
>
  <div
    className="sc-bZQynM gAHUms"
  >
    <header
      className="sc-EHOje eksHn"
      data-focused={true}
    >
      /left
    </header>
    <div
      className="sc-gzVnrw VQBHp"
      style={
        Object {
          "overflow": "visible",
        }
      }
    />
  </div>
  <div
    className="sc-gZMcBi fZsDTv"
  />
  <div
    className="sc-bZQynM gAHUms"
  >
    <header
      className="sc-EHOje eksHn"
      data-focused={false}
    >
      /right
    </header>
    <div
      className="sc-gzVnrw VQBHp"
      style={
        Object {
          "overflow": "visible",
        }
      }
    />
  </div>
</div>
`;
