// Jest Snapshot v1, https://goo.gl/fbAQLP

exports[`Container Log Viewer Container should render correctly 1`] = `
<div
  className="sc-ifAKCX fskjUa"
>
  <div
    aria-hidden={false}
    className="sc-bdVaJa kMdzPL"
    role="list"
  >
    <div
      aria-selected={false}
      className="sc-bwzfXH daSFCf"
      role="listitem"
    >
      <span
        className="sc-htpNat kQdIEM"
        data-level="info"
      >
        [
        INFO
        ]
      </span>
      <span
        className="sc-bxivhb ghzfYa"
      >
        message
      </span>
    </div>
  </div>
</div>
`;
