// Jest Snapshot v1, https://goo.gl/fbAQLP

exports[`Container Notification Container should render correctly when context initialized 1`] = `
<div
  className="sc-EHOje lmepRT"
>
  <div
    className="sc-ifAKCX ipbtqc"
    role="list"
  >
    <div
      aria-selected={false}
      className="sc-bdVaJa gneklD"
      role="listitem"
    >
      <span
        className="sc-bwzfXH fCwXYg"
      >
        process
      </span>
      <div
        className="sc-htpNat hkuyqD"
      >
        <div
          className="sc-bxivhb MqTMw"
        />
      </div>
    </div>
  </div>
</div>
`;

exports[`Container Notification Container should render correctly when context not initialized yet 1`] = `null`;
