// Jest Snapshot v1, https://goo.gl/fbAQLP

exports[`Container Notification Container should render correctly when context initialized 1`] = `
<div
  className="root"
>
  <div
    className="root"
    role="list"
  >
    <div
      aria-selected={false}
      className="root"
      role="listitem"
    >
      <span
        className="processLabel"
      >
        process
      </span>
      <div
        className="progressBar"
      >
        <div
          className="progressIndicator"
          style={
            Object {
              "width": "10%",
            }
          }
        />
      </div>
    </div>
  </div>
</div>
`;

exports[`Container Notification Container should render correctly when context not initialized yet 1`] = `null`;
